<BOS>li<EOS>	اللي
<BOS>pero'<EOS>	برو
<BOS>u<EOS>	و+
<BOS>ma<EOS>	ما
<BOS>kien<EOS>	كان
<BOS>biex<EOS>	باش
<BOS>minn<EOS>	من
<BOS>fuq<EOS>	فوق
<BOS>qed<EOS>	قد
<BOS>dan<EOS>	دان
<BOS>xi<EOS>	شي
<BOS>se<EOS>	س+
<BOS>kienet<EOS>	كانت
<BOS>għal<EOS>	على
<BOS>jekk<EOS>	ياك
<BOS>din<EOS>	دين
<BOS>kif<EOS>	كيف
<BOS>hemm<EOS>	هم
<BOS>jew<EOS>	يو
<BOS>meta<EOS>	متى
<BOS>imma<EOS>	اما
<BOS>hu<EOS>	هو
<BOS>lil<EOS>	ل+
<BOS>kienu<EOS>	كانوا
<BOS>għax<EOS>	عاش
<BOS>dak<EOS>	داك
<BOS>dwar<EOS>	دوار
<BOS>kemm<EOS>	كم
<BOS>mhux<EOS>	ماهوش
<BOS>fejn<EOS>	فين
<BOS>tiegħu<EOS>	تاعه
<BOS>min<EOS>	من
<BOS>dawn<EOS>	دون
<BOS>kull<EOS>	كل
<BOS>wara<EOS>	ورا
<BOS>hi<EOS>	هي
<BOS>iżda<EOS>	اصدق
<BOS>jien<EOS>	يان
<BOS>huma<EOS>	هما
<BOS>ftit<EOS>	فتيت
<BOS>ewwel<EOS>	أول
<BOS>tkun<EOS>	تكون
<BOS>kollha<EOS>	كلها
<BOS>jkun<EOS>	يكون
<BOS>allaħares<EOS>	الله حارس
<BOS>biss<EOS>	بس
<BOS>waħda<EOS>	واحدة
<BOS>kollox<EOS>	كلش
<BOS>lejn<EOS>	لين
<BOS>ħadd<EOS>	حد
<BOS>għandu<EOS>	عنده
<BOS>xejn<EOS>	شين
<BOS>dawk<EOS>	دوك
<BOS>ħafna<EOS>	حفنة
<BOS>ikun<EOS>	يكون
<BOS>kont<EOS>	كنت
<BOS>dik<EOS>	ديك
<BOS>fi<EOS>	في
<BOS>bejn<EOS>	بين
<BOS>ukoll<EOS>	اكل
<BOS>tagħha<EOS>	تاعها
<BOS>huwa<EOS>	هو
<BOS>tagħhom<EOS>	تاعهم
<BOS>wkoll<EOS>	وكل
<BOS>wieħed<EOS>	واحد
<BOS>bħala<EOS>	بحالة
<BOS>bi<EOS>	ب+
<BOS>kienx<EOS>	كانش
<BOS>bħal<EOS>	بحال
<BOS>'l<EOS>	لل
<BOS>taħt<EOS>	تحت
<BOS>bħallikieku<EOS>	بحال اللي كيكو
<BOS>qabel<EOS>	قبل
<BOS>żewġ<EOS>	زوج
<BOS>ma<EOS>	ما
<BOS>waqt<EOS>	وقت
<BOS>tiegħi<EOS>	تاعي
<BOS>hija<EOS>	هي
<BOS>anke<EOS>	انكي
<BOS>tagħna<EOS>	تاعنا
<BOS>qegħdin<EOS>	قاعدين
<BOS>aħna<EOS>	احنا
<BOS>lanqas<EOS>	لانقص
<BOS>kollu<EOS>	كله
<BOS>bħalma<EOS>	بحال ما
<BOS>għandna<EOS>	عندنا
<BOS>kieku<EOS>	كيكو
<BOS>bla<EOS>	بلا
<BOS>kontra<EOS>	كونترا
<BOS>matul<EOS>	مثل
<BOS>għaliex<EOS>	علاش
<BOS>jkunu<EOS>	يكونوا
<BOS>għandhom<EOS>	عندهم
<BOS>billi<EOS>	باللي
<BOS>tliet<EOS>	ثلاث
<BOS>sa<EOS>	س+
<BOS>miegħu<EOS>	معه
<BOS>tnejn<EOS>	اثنين
<BOS>ruħu<EOS>	تاع ال+
<BOS>nofs<EOS>	نفص
<BOS>tieni<EOS>	ثاني
<BOS>għandha<EOS>	عندها
<BOS>għandi<EOS>	عندي
<BOS>le<EOS>	لي
<BOS>talanqas<EOS>	تاع الانقص
<BOS>hawn<EOS>	هون
<BOS>iva<EOS>	ايوا
<BOS>int<EOS>	انت
<BOS>ebda<EOS>	ابدا
<BOS>'il<EOS>	لل+
<BOS>fih<EOS>	فيه
<BOS>liema<EOS>	لاما
<BOS>xi<EOS>	شي
<BOS>ilu<EOS>	اله
<BOS>fiha<EOS>	فيها
<BOS>minnhom<EOS>	منهم
<BOS>għadu<EOS>	عنده
<BOS>talli<EOS>	تاع اللي
<BOS>ġaladarba<EOS>	جا لاداربا
<BOS>sabiex<EOS>	sabiex
<BOS>għalih<EOS>	عليه
<BOS>ħaddieħor<EOS>	حد آخر
<BOS>sakemm<EOS>	سكم
<BOS>quddiem<EOS>	قدام
<BOS>għalxiex<EOS>	على شاش
<BOS>qisu<EOS>	قيسه
<BOS>konna<EOS>	كنا
<BOS>skont<EOS>	سكنت
<BOS>ikunu<EOS>	يكونوا
<BOS>ġej<EOS>	جاي
<BOS>anki<EOS>	انكي
<BOS>mela<EOS>	مالا
<BOS>nkunu<EOS>	نكونوا
<BOS>qiegħed<EOS>	قاعد
<BOS>fost<EOS>	فوسط
<BOS>ġo<EOS>	جوا
<BOS>stess<EOS>	ستس
<BOS>hemmx<EOS>	همش
<BOS>għoxrin<EOS>	عشرين
<BOS>ħdejn<EOS>	حدين
<BOS>magħha<EOS>	معها
<BOS>għalfejn<EOS>	على فين
<BOS>xulxin<EOS>	ال+
<BOS>donnu<EOS>	ظنه
<BOS>għad<EOS>	عند
<BOS>għandek<EOS>	عندك
<BOS>ilu<EOS>	اله
<BOS>għalkemm<EOS>	على كم 
<BOS>jiena<EOS>	يانا
<BOS>għalhekk<EOS>	على هيك
<BOS>filwaqt<EOS>	في الوقت
<BOS>kellek<EOS>	كان لك
<BOS>kellekx<EOS>	كان لكش
<BOS>fuqu<EOS>	فوقو
<BOS>kellna<EOS>	كان لنا
<BOS>għadha<EOS>	عندها
<BOS>però<EOS>	بيرو
<BOS>tiegħek<EOS>	تاعك
<BOS>kinitx<EOS>	كانتش
<BOS>lilu<EOS>	له
<BOS>għand<EOS>	عند
<BOS>minnha<EOS>	منها
<BOS>qiegħed<EOS>	قاعد
<BOS>ħalli<EOS>	خلي
<BOS>la<EOS>	لا
<BOS>għaddej<EOS>	عادي
<BOS>ħlief<EOS>	خلاف
<BOS>madwar<EOS>	مدوار
<BOS>magħhom<EOS>	معهم
<BOS>qiegħda<EOS>	قاعدة
<BOS>inhu<EOS>	انهو
<BOS>kellu<EOS>	كان له
<BOS>la<EOS>	لا
<BOS>qegħdin<EOS>	قاعدين
<BOS>biha<EOS>	بيها
<BOS>fihom<EOS>	فيهم
<BOS>inti<EOS>	انتي
<BOS>ħa<EOS>	ح+
<BOS>kinux<EOS>	كانوش
<BOS>sitt<EOS>	ست
<BOS>daqs<EOS>	دقس
<BOS>kienlu<EOS>	كان له
<BOS>ħames<EOS>	خمس
<BOS>fosthom<EOS>	فوسطهم
<BOS>minnu<EOS>	منه
<BOS>quddiemu<EOS>	قدامه
<BOS>kemm-il<EOS>	كمل
<BOS>hux<EOS>	هوش
<BOS>iniex<EOS>	اناش
<BOS>mhijiex<EOS>	ماهياش
<BOS>donnhom<EOS>	ظنهم
<BOS>għadhom<EOS>	عندهم
<BOS>kontx<EOS>	كنتش
<BOS>lili<EOS>	لي
<BOS>tielet<EOS>	ثالث
<BOS>barra<EOS>	برا
<BOS>bih<EOS>	بيه
<BOS>fuqha<EOS>	فوقها
<BOS>għaliha<EOS>	عليها
<BOS>kulma<EOS>	كلما
<BOS>għandux<EOS>	عندهوش
<BOS>kellha<EOS>	كان لها
<BOS>kellhiex<EOS>	كان لهاش
<BOS>kellhom<EOS>	كان لهم
<BOS>ladarba<EOS>	لضربة
<BOS>pereżempju<EOS>	برزمبيو
<BOS>nkun<EOS>	نكون
<BOS>peress<EOS>	برس
<BOS>bihom<EOS>	بيهم
<BOS>huwiex<EOS>	هواش
<BOS>innifsu<EOS>	نفسه
<BOS>nnifsu<EOS>	نفسه
<BOS>ruħhom<EOS>	روحهم
<BOS>kellhomx<EOS>	كان لهمش
<BOS>qisha<EOS>	قيسها
<BOS>inkella<EOS>	انكلا
<BOS>inkunu<EOS>	نكونوا
<BOS>ħamsa<EOS>	خمسة
<BOS>ġejjin<EOS>	جايين
<BOS>qrib<EOS>	قرب
<BOS>skond<EOS>	سكند
<BOS>bejniethom<EOS>	بيناتهم
<BOS>għalihom<EOS>	عليهم
<BOS>warajh<EOS>	وراه
<BOS>mhix<EOS>	ماهيش
<BOS>mhumiex<EOS>	ماهماش
<BOS>donnha<EOS>	ظنها
<BOS>għadna<EOS>	عندنا
<BOS>għandix<EOS>	عندش
<BOS>kellux<EOS>	كان لهوش
<BOS>ilhom<EOS>	الهم
<BOS>kelli<EOS>	كان لي
<BOS>kellix<EOS>	كان ليش
<BOS>xħin<EOS>	شحين
<BOS>jkunx<EOS>	يكونش
<BOS>ġejja<EOS>	جاية
<BOS>nieqsa<EOS>	ناقصة
<BOS>minna<EOS>	منا
<BOS>aħniex<EOS>	احناش
<BOS>daqskemm<EOS>	دقسكم
<BOS>għaliex<EOS>	علاش
<BOS>hawnx<EOS>	هونش
<BOS>'l<EOS>	لل
<BOS>uħud<EOS>	وحود
<BOS>għaddejja<EOS>	عادية
<BOS>għaddejjin<EOS>	عدايين
<BOS>kulħadd<EOS>	كل حد
<BOS>kulmeta<EOS>	كل متى
<BOS>magħna<EOS>	معنا
<BOS>inhi<EOS>	انهي
<BOS>mhuwiex<EOS>	ماهواش
<BOS>għandniex<EOS>	عندناش
<BOS>ilha<EOS>	الها
<BOS>kulmin<EOS>	كل من
<BOS>milli<EOS>	ماللي
<BOS>qabel<EOS>	قبل
<BOS>saħansitra<EOS>	سحنسترا
<BOS>ser<EOS>	سر
<BOS>ħames<EOS>	خمس
<BOS>ħdax-il<EOS>	احدعشل
<BOS>wħud<EOS>	وحود
<BOS>sejjer<EOS>	ساير
<BOS>bija<EOS>	بي
<BOS>għalija<EOS>	علي
<BOS>ħdejh<EOS>	حديه
<BOS>warajha<EOS>	وراها
<BOS>ilkoll<EOS>	الكل
<BOS>inhuma<EOS>	انهم
<BOS>ruħha<EOS>	روحها
<BOS>bosta<EOS>	بسطة
<BOS>ili<EOS>	الي
<BOS>anqas<EOS>	انقص
<BOS>inkun<EOS>	نكون
<BOS>elf<EOS>	الف
<BOS>sittin<EOS>	ستين
<BOS>tlieta<EOS>	ثلاثة
<BOS>żewġt<EOS>	زوجة
<BOS>ħiereġ<EOS>	خارج
<BOS>ħierġa<EOS>	خارجة
<BOS>mejjet<EOS>	ميت
<BOS>wieqaf<EOS>	واقف
<BOS>favur<EOS>	فافور
<BOS>ġewwa<EOS>	جوا
<BOS>in<EOS>	ان
<BOS>rigward<EOS>	رجورد
<BOS>bejnietna<EOS>	بيناتنا
<BOS>bejnu<EOS>	بينه
<BOS>għalina<EOS>	علينا
<BOS>lejhom<EOS>	ليهم
<BOS>madwaru<EOS>	مدواره
<BOS>miegħi<EOS>	معي
<BOS>biżżejjed<EOS>	بالزايد
<BOS>imnalla<EOS>	من الله
<BOS>imn'alla<EOS>	من الله
<BOS>qishom<EOS>	قيسهم
<BOS>mindu<EOS>	منذ
<BOS>malli<EOS>	ماللي
<BOS>insomma<EOS>	انسوما
<BOS>tkunx<EOS>	تكونش
<BOS>lilha<EOS>	لها
<BOS>dieħla<EOS>	داخلة
<BOS>miexi<EOS>	ماشي
<BOS>sejrin<EOS>	سايرين
<BOS>siekta<EOS>	ساكتة
<BOS>flok<EOS>	فلوك
<BOS>inkluż<EOS>	انكلوز
<BOS>tul<EOS>	طول
<BOS>dwarha<EOS>	دوارها
<BOS>fuqhom<EOS>	فوقهم
<BOS>lejh<EOS>	ليه
<BOS>lejha<EOS>	ليها
<BOS>warajhom<EOS>	وراهم
<BOS>lkoll<EOS>	الكل
<BOS>fiex<EOS>	فاش
<BOS>mnejn<EOS>	منين
<BOS>xiex<EOS>	شاش
<BOS>hux<EOS>	هوش
<BOS>daqsxejn<EOS>	دقسشين
<BOS>għandhomx<EOS>	عندهمش
<BOS>minbarra<EOS>	من برا
<BOS>jismu<EOS>	يسمه
<BOS>maġenb<EOS>	من جنب
<BOS>basta<EOS>	بستا
<BOS>kif<EOS>	كيف
<BOS>grazzi<EOS>	جرادزي
<BOS>uquuuuu<EOS>	أأو
<BOS>jkunux<EOS>	يكونوش
<BOS>kontu<EOS>	كنتوا
<BOS>lilek<EOS>	لك
<BOS>erbgħa<EOS>	اربعة
<BOS>erbgħin<EOS>	اربعين
<BOS>mija<EOS>	مية
<BOS>sitta<EOS>	ستة
<BOS>sittax-il<EOS>	ستتعشل
<BOS>tmenin<EOS>	ثمانين
<BOS>sitta<EOS>	ستة
<BOS>tmienja<EOS>	ثمانية
<BOS>mejtin<EOS>	ميتين
<BOS>nieqes<EOS>	ناقص
<BOS>qiegħda<EOS>	قاعدة
<BOS>telgħin<EOS>	طالعين
<BOS>maġenbkom<EOS>	من جنبكم
<BOS>bik<EOS>	بك
<BOS>fuqi<EOS>	فوقي
<BOS>għalik<EOS>	عليك
<BOS>miegħek<EOS>	معك
<BOS>minni<EOS>	مني
<BOS>humiex<EOS>	هماش
<BOS>għadni<EOS>	عندني
<BOS>għandekx<EOS>	عندكش
<BOS>għandhiex<EOS>	عندهاش
<BOS>ilni<EOS>	الني
<BOS>maġenbna<EOS>	من جنبنا
<BOS>illi<EOS>	اللي
<BOS>anzi<EOS>	اندزي
<BOS>kemm<EOS>	كم
<BOS>maġenbu<EOS>	من جنبه
<BOS>ħeqq<EOS>	حق
<BOS>jalla<EOS>	يلا
<BOS>prosit<EOS>	برست
<BOS>qaħbeċ<EOS>	قحبة
<BOS>lilkom<EOS>	لكم
<BOS>disgħa<EOS>	تسعة
<BOS>erbatax-il<EOS>	اربعتعشل
<BOS>ħmistax-il<EOS>	خمستعشل
<BOS>mitt<EOS>	مية
<BOS>tletin<EOS>	ثلاثين
<BOS>tnax-il<EOS>	اثناعشل
<BOS>tużżana<EOS>	دزينة
<BOS>għaxar<EOS>	عشر
<BOS>dieħel<EOS>	داخل
<BOS>imsiefer<EOS>	مسافر
<BOS>liebes<EOS>	لابس
<BOS>liebsa<EOS>	لابسة
<BOS>mejta<EOS>	ميتة
<BOS>mexjin<EOS>	ماشيين
<BOS>neqsin<EOS>	ناقصين
<BOS>niexef<EOS>	ناشف
<BOS>weqfin<EOS>	واقفين
<BOS>xieraq<EOS>	شارق
<BOS>biswit<EOS>	باسوة
<BOS>permezz<EOS>	برمدز
<BOS>bħalhom<EOS>	بحالهم
<BOS>dwaru<EOS>	دواره
<BOS>fuqek<EOS>	فوقك
<BOS>għandek<EOS>	عندك
<BOS>għandha<EOS>	عندها
<BOS>għandu<EOS>	عنده
<BOS>ħdejja<EOS>	حديا
<BOS>lejk<EOS>	ليك
<BOS>maġenbi<EOS>	من جنبي
<BOS>minħabba<EOS>	من حبة
<BOS>minnek<EOS>	منك
<BOS>imkien<EOS>	مكان
<BOS>għala<EOS>	على
<BOS>intom<EOS>	انتم
<BOS>nfisha<EOS>	نفسها
<BOS>kwalunkwe<EOS>	كوالنكوي
<BOS>wisq<EOS>	وسق
<BOS>għadek<EOS>	عندك
<BOS>ilna<EOS>	النا
<BOS>mingħandhom<EOS>	من عتدهم
<BOS>mingħalija<EOS>	من علي
<BOS>mingħalina<EOS>	من علينا
<BOS>qisna<EOS>	قيسنا
<BOS>qisni<EOS>	قيسني
<BOS>avolja<EOS>	افوليا
<BOS>mingħalih<EOS>	من عليه
<BOS>kemm<EOS>	كم
<BOS>tagħkom<EOS>	تاعكم
<BOS>mingħand<EOS>	من عند 
<BOS>eċċetra<EOS>	اتشترا
<BOS>ħej<EOS>	هي
<BOS>mingħandha<EOS>	من عندنا
<BOS>istja<EOS>	استيا
<BOS>ja<EOS>	يا
<BOS>ikunx<EOS>	يكونش
<BOS>kenitx<EOS>	كانتش
<BOS>kienux<EOS>	كانوش
<BOS>kinetx<EOS>	كانتش
<BOS>nkunux<EOS>	نكونوش
<BOS>tkunu<EOS>	تكونوا
<BOS>lilhom<EOS>	لهم
<BOS>lilna<EOS>	لنا
<BOS>għaxar<EOS>	عشر
<BOS>ħmistax<EOS>	خمستعش
<BOS>miljun<EOS>	مليون
<BOS>tlett<EOS>	ثلاث
<BOS>tmien<EOS>	ثمان
<BOS>nofsu<EOS>	نفصه
<BOS>disgħa<EOS>	تسعة
<BOS>sebgħa<EOS>	سبعة
<BOS>tnax-il<EOS>	اثناعشل
<BOS>deħlin<EOS>	داخلين
<BOS>ħerġin<EOS>	خارجين
<BOS>ħieles<EOS>	خالص
<BOS>ħielsa<EOS>	خالصة
<BOS>ħirġin<EOS>	خارجين
<BOS>kiefer<EOS>	كافر
<BOS>lebsin<EOS>	لابسين
<BOS>msiefra<EOS>	مسافرة
<BOS>niżlin<EOS>	نازلين
<BOS>resqin<EOS>	رسقن
<BOS>sejra<EOS>	سايرة
<BOS>apparti<EOS>	ابارتي
<BOS>qis<EOS>	قيس
<BOS>bħali<EOS>	بحالي
<BOS>bina<EOS>	بنا
<BOS>dwarhom<EOS>	دوارهم
<BOS>fija<EOS>	فيا
<BOS>fik<EOS>	فيك
<BOS>fina<EOS>	فينا
<BOS>għandi<EOS>	عندي
<BOS>għandna<EOS>	عندنا
<BOS>lejkom<EOS>	ليكم
<BOS>lejna<EOS>	لينا
<BOS>madwarha<EOS>	مدوارها
<BOS>mingħandu<EOS>	من عنده
<BOS>mingħandi<EOS>	من عندي
<BOS>mingħajr<EOS>	من غير
<BOS>quddiemha<EOS>	قدامها
<BOS>quddiemhom<EOS>	قدامهم
<BOS>quddiemna<EOS>	قدامنا
<BOS>taħtha<EOS>	تحتها
<BOS>taħthom<EOS>	تحتهم
<BOS>taħtu<EOS>	تحته
<BOS>warajk<EOS>	وراك
<BOS>warajna<EOS>	ورانا
<BOS>mkien<EOS>	مكان
<BOS>hix<EOS>	هيش
<BOS>intix<EOS>	انتيش
<BOS>hijiex<EOS>	هياش
<BOS>mhi<EOS>	ماهي
<BOS>mhu<EOS>	ماهو
<BOS>mhuma<EOS>	ماهما
<BOS>infushom<EOS>	انفسهم
<BOS>innifsek<EOS>	انفسك
<BOS>nfusna<EOS>	نفسنا
<BOS>nnifsi<EOS>	نفسي
<BOS>ruħi<EOS>	روحي
<BOS>fihom<EOS>	فيهم
<BOS>għadx<EOS>	عندش
<BOS>għandkom<EOS>	عندكم
<BOS>ilek<EOS>	الك
<BOS>jisimha<EOS>	يسمها
<BOS>u<EOS>	و+
<BOS>mingħajru<EOS>	من غيره
<BOS>mingħajrhom<EOS>	من غيرهم
<BOS>mingħajri<EOS>	من غيري
<BOS>minflok<EOS>	من فلوك
<BOS>il<EOS>	ال+
<BOS>inqas<EOS>	انقص
<BOS>minflok<EOS>	من فلوك
<BOS>tieghi<EOS>	تاعي
<BOS>haw<EOS>	هو
<BOS>mhemmx<EOS>	ماهمش
<BOS>addio<EOS>	ادو
<BOS>baħħ<EOS>	بح
<BOS>ċaw<EOS>	تشاو
<BOS>eh<EOS>	اه
<BOS>ehm<EOS>	اهم
<BOS>ħeħħ<EOS>	حح
<BOS>ħmm<EOS>	همم
<BOS>illostja<EOS>	الاستيا
<BOS>minnflok<EOS>	من فلوك
<BOS>minfloku<EOS>	من فلوكه
<BOS>listja<EOS>	الاستيا
<BOS>lustja<EOS>	الاستيا
<BOS>merħba<EOS>	مرحبا
<BOS>orrajt<EOS>	اورايت
<BOS>owkej<EOS>	اوكي
<BOS>smajtek<EOS>	سمعتك
<BOS>tikk<EOS>	تك
<BOS>viva<EOS>	فيفا
<BOS>ġabitha<EOS>	جابتها
<BOS>ikunux<EOS>	يكونش
<BOS>minflokhom<EOS>	من فلوكهم
<BOS>konniex<EOS>	كناش
<BOS>disgħin<EOS>	تسعين
<BOS>dsatax<EOS>	تسعتعش
<BOS>dsatax-il<EOS>	تسعتعشل
<BOS>elfejn<EOS>	الفين
<BOS>għaxart<EOS>	عشرة
<BOS>għaxra<EOS>	عشرة
<BOS>ħamest<EOS>	خمسة
<BOS>ħamsin<EOS>	خمسين
<BOS>ħdax<EOS>	احداعش
<BOS>sbatax-il<EOS>	سبعتشل
<BOS>sebgħin<EOS>	سبعين
<BOS>sittax<EOS>	ستتعش
<BOS>tlettax-il<EOS>	ثلاثتعشل
<BOS>żewg<EOS>	زوج
<BOS>kwart<EOS>	كوارت
<BOS>terz<EOS>	تردز
<BOS>tlieta<EOS>	ثلاثة
<BOS>tmien<EOS>	ثمان
<BOS>acting<EOS>	اكتنج
<BOS>bieżel<EOS>	بازل
<BOS>għaddejin<EOS>	عدايين
<BOS>għarqanin<EOS>	عرقانين
<BOS>għarwenin<EOS>	عريانين
<BOS>imdawrin<EOS>	مدورين
<BOS>libsin<EOS>	لابسين
<BOS>neżlin<EOS>	نازلين
<BOS>niedi<EOS>	نادي
<BOS>nieżel<EOS>	نازل
<BOS>nieżla<EOS>	نازلة
<BOS>rieqed<EOS>	راقد
<BOS>tielgħa<EOS>	طالعة
<BOS>wieqfa<EOS>	واقفة
<BOS>wisgħin<EOS>	واسعين
<BOS>żejjen<EOS>	زين
<BOS>dment<EOS>	دمنت
<BOS>favuriha<EOS>	ففرها
<BOS>għajr<EOS>	غير
<BOS>għal<EOS>	على
<BOS>għala<EOS>	على
<BOS>inkluża<EOS>	انكلوزا
<BOS>inklużi<EOS>	انكلوزي
<BOS>jifhimhom<EOS>	يفهمهم
<BOS>qalb<EOS>	قلب
<BOS>bejnha<EOS>	بينها
<BOS>bħalek<EOS>	بحالك
<BOS>bħalha<EOS>	بحالها
<BOS>bħalna<EOS>	بحالنا
<BOS>bikom<EOS>	بيكم
<BOS>fuqħa<EOS>	فوقها
<BOS>ħdejna<EOS>	حدينا
<BOS>ħliefu<EOS>	خلافه
<BOS>kontrieh<EOS>	كونتراه
<BOS>kontrihom<EOS>	كونترهم
<BOS>kontrik<EOS>	كونترك
<BOS>lejħ<EOS>	ليه
<BOS>lejja<EOS>	ليا
<BOS>madwarhom<EOS>	مدوارهم
<BOS>madwari<EOS>	مدواري
<BOS>madwarkom<EOS>	مدواركم
<BOS>madwarna<EOS>	مدوارنا
<BOS>minfloki<EOS>	من فلوكي
<BOS>minkejja<EOS>	من نكاية
<BOS>minkejja<EOS>	من نكاية
<BOS>nissuġġerilu<EOS>	نسجر له
<BOS>jaħasra<EOS>	يا حسرة
<BOS>jkollok<EOS>	يكون لك
<BOS>ikollok<EOS>	يكون لك
<BOS>ikollkom<EOS>	يكون لكم
<BOS>jkollna<EOS>	يكون لنا
<BOS>ikollna<EOS>	يكون لنا
<BOS>jkollniex<EOS>	يكون لناش
<BOS>ikollu<EOS>	يكون له
<BOS>minnkom<EOS>	منكم
<BOS>qabilha<EOS>	قبلها
<BOS>qabilna<EOS>	قبلنا
<BOS>quddiemi<EOS>	قدامي
<BOS>skontha<EOS>	سكنتها
<BOS>skontu<EOS>	سكنته
<BOS>taħtna<EOS>	تحتنا
<BOS>warajja<EOS>	وراي
<BOS>kiegħed<EOS>	قاعد
<BOS>sejrin<EOS>	سايرين
<BOS>kul<EOS>	كل
<BOS>fej<EOS>	في
<BOS>fejnha<EOS>	فينها
<BOS>jkollu<EOS>	يكون له
<BOS>għax<EOS>	عاش
<BOS>kermm<EOS>	كرم
<BOS>jkollha<EOS>	يكون لها
<BOS>xinhu<EOS>	شنهو
<BOS>aħniex<EOS>	احناش
<BOS>humiex<EOS>	هماش
<BOS>jagħmluhiex<EOS>	يعملوهاش
<BOS>hix<EOS>	هيش
<BOS>inhiex<EOS>	انهاش
<BOS>intix<EOS>	انتيش
<BOS>nifsek<EOS>	نفسك
<BOS>nifsi<EOS>	نفسي
<BOS>nnifisha<EOS>	نفسها
<BOS>ruħek<EOS>	روحك
<BOS>ruħkom<EOS>	روحكم
<BOS>ruħna<EOS>	روحنا
<BOS>rwiehhom<EOS>	ارواحهم
<BOS>ċerti<EOS>	تشرتي
<BOS>ċertu<EOS>	تشرتو
<BOS>kollħa<EOS>	كلها
<BOS>biħsiebek<EOS>	بحسابك
<BOS>donni<EOS>	ظني
<BOS>faqqajt<EOS>	فقيت
<BOS>fih<EOS>	فيه
<BOS>fiħsiebha<EOS>	فحسابها
<BOS>fiħsiebhom<EOS>	فحسابهم
<BOS>ftaħt<EOS>	فتحت
<BOS>għadhomx<EOS>	عندهمش
<BOS>għadkom<EOS>	عندكم
<BOS>għadniex<EOS>	عندناش
<BOS>għadnix<EOS>	عندنش
<BOS>għadux<EOS>	عندش
<BOS>għandhix<EOS>	عندهاش
<BOS>ħriġna<EOS>	خرجنا
<BOS>ikollha<EOS>	يكون لها
<BOS>jkollhom<EOS>	يكون لهم
<BOS>ikollhom<EOS>	يكون لهم
<BOS>jisimni<EOS>	يسمني
<BOS>jkollhomx<EOS>	يكون لهمش
<BOS>jkolli<EOS>	يكون لي
<BOS>ikolli<EOS>	يكون لي
<BOS>qisek<EOS>	قيسك
<BOS>sta<EOS>	ستا
<BOS>taghom<EOS>	تاعهم
<BOS>tbiegħdek<EOS>	تباعدك
<BOS>tkellimhiex<EOS>	تكلمهاش