li	اللي
pero'	برو
xi	شي
kien	كان
biex	باش
minn	من
fuq	فوق
qed	قد
dan	دان
se	س+
kienet	كانت
u	و+
jekk	ياك
din	دين
hemm	هم
jew	يو
meta	متى
imma	اما
hu	هو
lil	ل+
kienu	كانوا
tnax-il	اثناعشل
dak	داك
dwar	دوار
kemm	كم
mhux	ماهوش
fejn	فين
tiegħu	تاعه
min	من
dawn	دون
kull	كل
wara	ورا
hi	هي
iżda	اصدق
jien	يان
huma	هما
ftit	فتيت
ewwel	أول
tkun	تكون
kollha	كلها
jkun	يكون
allaħares	الله حارس
biss	بس
waħda	واحدة
kollox	كلش
lejn	لين
ħadd	حد
xejn	شين
dawk	دوك
ħafna	حفنة
ikun	يكون
kont	كنت
dik	ديك
fi	في
bejn	بين
ukoll	اكل
tagħha	تاعها
huwa	هو
tagħhom	تاعهم
wkoll	وكل
wieħed	واحد
bħala	بحالة
bi	ب+
kienx	كانش
bħal	بحال
taħt	تحت
bħallikieku	بحال اللي كيكو
tmien	ثمان
żewġ	زوج
waqt	وقت
tiegħi	تاعي
hija	هي
anke	انكي
tagħna	تاعنا
tlieta	ثلاثة
aħna	احنا
lanqas	لانقص
kollu	كله
bħalma	بحال ما
kieku	كيكو
bla	بلا
kontra	كونترا
matul	مثل
sitta	ستة
jkunu	يكونوا
għandhom	عندهم
billi	باللي
tliet	ثلاث
sa	س+
miegħu	معه
tnejn	اثنين
ruħu	تاع ال+
nofs	نفص
tieni	ثاني
qiegħda	قاعدة
le	لي
talanqas	تاع الانقص
hawn	هون
iva	ايوا
int	انت
ebda	ابدا
'il	لل+
liema	لاما
qegħdin	قاعدين
fiha	فيها
minnhom	منهم
għadu	عنده
talli	تاع اللي
ġaladarba	جا لاداربا
sabiex	سباش
għalih	عليه
ħaddieħor	حد آخر
sakemm	سكم
quddiem	قدام
għalxiex	على شاش
qisu	قيسه
konna	كنا
skont	سكنت
ikunu	يكونوا
sejrin	سايرين
anki	انكي
mela	مالا
nkunu	نكونوا
qiegħed	قاعد
fost	فوسط
ġo	جوا
stess	ستس
hemmx	همش
għoxrin	عشرين
ħdejn	حدين
magħha	معها
għalfejn	على فين
xulxin	ال+
donnu	ظنه
għad	عند
għalkemm	على كم
jiena	يانا
għalhekk	على هيك
filwaqt	في الوقت
kellek	كان لك
kellekx	كان لكش
fuqu	فوقو
kellna	كان لنا
għadha	عندها
però	بيرو
tiegħek	تاعك
kinitx	كانتش
lilu	له
għand	عند
minnha	منها
ħalli	خلي
qabel	قبل
ħlief	خلاف
madwar	مدوار
magħhom	معهم
inhu	انهو
kellu	كان له
minkejja	من نكاية
biha	بيها
minflok	من فلوك
inti	انتي
ħa	ح+
kinux	كانوش
sitt	ست
daqs	دقس
kienlu	كان له
fosthom	فوسطهم
minnu	منه
quddiemu	قدامه
kemm-il	كمل
ma	ما
iniex	اناش
mhijiex	ماهياش
donnhom	ظنهم
għadhom	عندهم
kontx	كنتش
lili	لي
tielet	ثالث
barra	برا
bih	بيه
fuqha	فوقها
għaliha	عليها
kulma	كلما
għandux	عندهوش
kellha	كان لها
kellhiex	كان لهاش
kellhom	كان لهم
ladarba	لضربة
pereżempju	برزمبيو
nkun	نكون
peress	برس
bihom	بيهم
huwiex	هواش
innifsu	نفسه
nnifsu	نفسه
ruħhom	روحهم
kellhomx	كان لهمش
qisha	قيسها
inkella	انكلا
inkunu	نكونوا
ħamsa	خمسة
qrib	قرب
skond	سكند
bejniethom	بيناتهم
għalihom	عليهم
warajh	وراه
mhix	ماهيش
mhumiex	ماهماش
donnha	ظنها
għadna	عندنا
għandix	عندش
kellux	كان لهوش
ilhom	الهم
kelli	كان لي
kellix	كان ليش
xħin	شحين
jkunx	يكونش
minna	منا
daqskemm	دقسكم
la	لا
hawnx	هونش
'l	لل
uħud	وحود
kulħadd	كل حد
kulmeta	كل متى
magħna	معنا
inhi	انهي
mhuwiex	ماهواش
għandniex	عندناش
ilha	الها
kulmin	كل من
milli	ماللي
saħansitra	سحنسترا
ser	سر
kif	كيف
ħdax-il	احدعشل
wħud	وحود
bija	بي
għalija	علي
ħdejh	حديه
warajha	وراها
ilkoll	الكل
inhuma	انهم
ruħha	روحها
bosta	بسطة
ili	الي
anqas	انقص
inkun	نكون
elf	الف
sittin	ستين
żewġt	زوجة
favur	فافور
ġewwa	جوا
in	ان
rigward	رجورد
bejnietna	بيناتنا
bejnu	بينه
għalina	علينا
lejhom	ليهم
madwaru	مدواره
miegħi	معي
biżżejjed	بالزايد
imnalla	من الله
imn'alla	من الله
qishom	قيسهم
mindu	منذ
malli	ماللي
insomma	انسوما
tkunx	تكونش
lilha	لها
intix	انتيش
flok	فلوك
inkluż	انكلوز
tul	طول
dwarha	دوارها
fuqhom	فوقهم
lejh	ليه
lejha	ليها
warajhom	وراهم
lkoll	الكل
fiex	فاش
mnejn	منين
xiex	شاش
daqsxejn	دقسشين
għandhomx	عندهمش
minbarra	من برا
jismu	يسمه
maġenb	من جنب
basta	بستا
ilu	اله
grazzi	جرادزي
uquuuuu	أأو
jkunux	يكونوش
kontu	كنتوا
lilek	لك
erbgħa	اربعة
erbgħin	اربعين
mija	مية
sittax-il	ستتعشل
tmenin	ثمانين
hux	هوش
tmienja	ثمانية
maġenbkom	من جنبكم
bik	بك
fuqi	فوقي
għalik	عليك
miegħek	معك
minni	مني
humiex	هماش
għadni	عندني
għandekx	عندكش
għandhiex	عندهاش
ilni	الني
maġenbna	من جنبنا
illi	اللي
anzi	اندزي
maġenbu	من جنبه
ħeqq	حق
jalla	يلا
prosit	برست
qaħbeċ	قحبة
lilkom	لكم
erbatax-il	اربعتعشل
ħmistax-il	خمستعشل
mitt	مية
tletin	ثلاثين
hix	هيش
tużżana	دزينة
biswit	باسوة
permezz	برمدز
bħalhom	بحالهم
dwaru	دواره
fuqek	فوقك
ħames	خمس
għaxar	عشر
ħdejja	حديا
lejk	ليك
maġenbi	من جنبي
minħabba	من حبة
minnek	منك
imkien	مكان
intom	انتم
nfisha	نفسها
kwalunkwe	كوالنكوي
wisq	وسق
għadek	عندك
ilna	النا
mingħandhom	من عتدهم
mingħalija	من علي
mingħalina	من علينا
qisna	قيسنا
qisni	قيسني
avolja	افوليا
mingħalih	من عليه
tagħkom	تاعكم
mingħand	من عند
eċċetra	اتشترا
ħej	هي
mingħandha	من عندنا
istja	استيا
ja	يا
ikunx	يكونش
kenitx	كانتش
kienux	كانوش
kinetx	كانتش
nkunux	نكونوش
tkunu	تكونوا
lilhom	لهم
lilna	لنا
għax	عاش
ħmistax	خمستعش
miljun	مليون
tlett	ثلاث
nofsu	نفصه
għandu	عنده
sebgħa	سبعة
apparti	ابارتي
qis	قيس
bħali	بحالي
bina	بنا
dwarhom	دوارهم
fija	فيا
fik	فيك
fina	فينا
għandna	عندنا
lejkom	ليكم
lejna	لينا
madwarha	مدوارها
mingħandu	من عنده
mingħandi	من عندي
mingħajr	من غير
quddiemha	قدامها
quddiemhom	قدامهم
quddiemna	قدامنا
taħtha	تحتها
taħthom	تحتهم
taħtu	تحته
warajk	وراك
warajna	ورانا
mkien	مكان
għandi	عندي
hijiex	هياش
mhi	ماهي
mhu	ماهو
mhuma	ماهما
infushom	انفسهم
innifsek	انفسك
nfusna	نفسنا
nnifsi	نفسي
ruħi	روحي
għandha	عندها
għadx	عندش
għandkom	عندكم
ilek	الك
jisimha	يسمها
mingħajru	من غيره
mingħajrhom	من غيرهم
mingħajri	من غيري
għandek	عندك
il	ال+
inqas	انقص
tieghi	تاعي
haw	هو
mhemmx	ماهمش
addio	ادو
baħħ	بح
ċaw	تشاو
eh	اه
ehm	اهم
ħeħħ	حح
ħmm	همم
illostja	الاستيا
minnflok	من فلوك
minfloku	من فلوكه
listja	الاستيا
lustja	الاستيا
merħba	مرحبا
orrajt	اورايت
owkej	اوكي
smajtek	سمعتك
tikk	تك
viva	فيفا
ġabitha	جابتها
ikunux	يكونش
minflokhom	من فلوكهم
konniex	كناش
disgħin	تسعين
dsatax	تسعتعش
dsatax-il	تسعتعشل
elfejn	الفين
għaxart	عشرة
għaxra	عشرة
ħamest	خمسة
ħamsin	خمسين
ħdax	احداعش
sbatax-il	سبعتشل
sebgħin	سبعين
sittax	ستتعش
tlettax-il	ثلاثتعشل
żewg	زوج
kwart	كوارت
terz	تردز
għaliex	علاش
dment	دمنت
favuriha	ففرها
għajr	غير
għala	على
inkluża	انكلوزا
inklużi	انكلوزي
jifhimhom	يفهمهم
qalb	قلب
bejnha	بينها
bħalek	بحالك
bħalha	بحالها
bħalna	بحالنا
bikom	بيكم
fuqħa	فوقها
ħdejna	حدينا
ħliefu	خلافه
kontrieh	كونتراه
kontrihom	كونترهم
kontrik	كونترك
lejħ	ليه
lejja	ليا
madwarhom	مدوارهم
madwari	مدواري
madwarkom	مدواركم
madwarna	مدوارنا
minfloki	من فلوكي
għal	على
nissuġġerilu	نسجر له
jaħasra	يا حسرة
jkollok	يكون لك
ikollok	يكون لك
ikollkom	يكون لكم
jkollna	يكون لنا
ikollna	يكون لنا
jkollniex	يكون لناش
ikollu	يكون له
minnkom	منكم
qabilha	قبلها
qabilna	قبلنا
quddiemi	قدامي
skontha	سكنتها
skontu	سكنته
taħtna	تحتنا
warajja	وراي
kiegħed	قاعد
fihom	فيهم
kul	كل
fej	في
fejnha	فينها
jkollu	يكون له
kermm	كرم
jkollha	يكون لها
xinhu	شنهو
fih	فيه
jagħmluhiex	يعملوهاش
disgħa	تسعة
inhiex	انهاش
nifsek	نفسك
nifsi	نفسي
nnifisha	نفسها
ruħek	روحك
ruħkom	روحكم
ruħna	روحنا
rwiehhom	ارواحهم
ċerti	تشرتي
ċertu	تشرتو
kollħa	كلها
biħsiebek	بحسابك
donni	ظني
faqqajt	فقيت
aħniex	احناش
fiħsiebha	فحسابها
fiħsiebhom	فحسابهم
ftaħt	فتحت
għadhomx	عندهمش
għadkom	عندكم
għadniex	عندناش
għadnix	عندنش
għadux	عندش
għandhix	عندهاش
ħriġna	خرجنا
ikollha	يكون لها
jkollhom	يكون لهم
ikollhom	يكون لهم
jisimni	يسمني
jkollhomx	يكون لهمش
jkolli	يكون لي
ikolli	يكون لي
qisek	قيسك
sta	ستا
taghom	تاعهم
tbiegħdek	تباعدك
tkellimhiex	تكلمهاش