il-	ال+
it-	ال+
is-	ال+
id-	ال+
ir-	ال+
in-	ال+
ix-	ال+
iż-	ال+
iċ-	ال+
iz-	ال+
l-	ال+
t-	ال+
s-	ال+
d-	ال+
n-	ال+
r-	ال+
x-	ال+
ċ-	ال+
ż-	ال+
z-	ال+
dal-	دال+
dil-	دال+
dis-	دال+
dar-	دال+
das-	دال+
did-	دال+
daż-	دال+
dit-	دال+
l'	اللي
m'	ما
ma'	مع
erba'	اربع
disa'	تسع
tmint'	ثمانية
raba'	ربع
seba'	سبع
b'	ب+
bi-	ب+
bħall-	بحال ال+
bħas-	بحال ال+
bħal-	بحال ال+
bħan-	بحال ال+
bħat-	بحال ال+
bħax-	بحال ال+
bħar-	بحال ال+
bil-	بال+
bl-	بال+
bis-	بال+
bid-	بال+
bir-	بال+
bit-	بال+
biż-	بال+
biċ-	بال+
bix-	بال+
bin-	بال+
f'	ف+
fil-	فال+
fl-	فال+
fis-	فال+
fit-	فال+
fid-	فال+
fir-	فال+
fix-	فال+
fin-	فال+
fiż-	فال+
fiċ-	فال+
fiz-	فال+
għall-	عال+
għas-	عال+
għat-	عال+
għar-	عال+
għad-	عال+
għal-	عال+
għax-	عال+
għan-	عال+
għaż-	عال+
għaċ-	عال+
ghat-	عال+
ġol-	جوا ال+
ġos-	جوا ال+
ġoż-	جوا ال+
lill-	لل+
lis-	لل+
lin-	لل+
lit-	لل+
liċ-	لل+
lid-	لل+
lir-	لل+
lix-	لل+
liz-	لل+
lil-	لل+
liż-	لل+
mill-	مال+
mal-	مال+
mis-	مال+
mit-	مال+
mid-	مال+
min-	مال+
mat-	مال+
mix-	مال+
mir-	مال+
mas-	مال+
mad-	مال+
mil-	مال+
mar-	مال+
man-	مال+
maż-	مال+
maċ-	مال+
max-	مال+
miċ-	مال+
miż-	مال+
s'	س+
sal-	سال+
sad-	سال+
sat-	سال+
saċ-	سال+
sas-	سال+
sax-	سال+
x'	شي
ta'	تاع
t'	تاع
tal-	تاع ال+
tas-	تاع ال+
tad-	تاع ال+
tat-	تاع ال+
tar-	تاع ال+
tax-	تاع ال+
tan-	تاع ال+
taż-	تاع ال+
taċ-	تاع ال+
taz-	تاع ال+
j'	يا
-il	ل
'il	لل+
'l	لل