<BOS>il-<EOS>	ال+
<BOS>it-<EOS>	ال+
<BOS>is-<EOS>	ال+
<BOS>id-<EOS>	ال+
<BOS>ir-<EOS>	ال+
<BOS>in-<EOS>	ال+
<BOS>ix-<EOS>	ال+
<BOS>iż-<EOS>	ال+
<BOS>iċ-<EOS>	ال+
<BOS>iz-<EOS>	ال+
<BOS>l-<EOS>	ال+
<BOS>t-<EOS>	ال+
<BOS>s-<EOS>	ال+
<BOS>d-<EOS>	ال+
<BOS>n-<EOS>	ال+
<BOS>r-<EOS>	ال+
<BOS>x-<EOS>	ال+
<BOS>ċ-<EOS>	ال+
<BOS>ż-<EOS>	ال+
<BOS>z-<EOS>	ال+
<BOS>dal-<EOS>	دال+
<BOS>dil-<EOS>	دال+
<BOS>dis-<EOS>	دال+
<BOS>dar-<EOS>	دال+
<BOS>das-<EOS>	دال+
<BOS>did-<EOS>	دال+
<BOS>daż-<EOS>	دال+
<BOS>dit-<EOS>	دال+
<BOS>l'<EOS>	اللي
<BOS>m'<EOS>	ما
<BOS>ma'<EOS>	مع
<BOS>erba'<EOS>	اربع
<BOS>disa'<EOS>	تسع
<BOS>tmint'<EOS>	ثمانية
<BOS>raba'<EOS>	ربع
<BOS>seba'<EOS>	سبع
<BOS>b'<EOS>	ب+
<BOS>bi-<EOS>	ب+
<BOS>bħall-<EOS>	بحال ال+
<BOS>bħas-<EOS>	بحال ال+
<BOS>bħal-<EOS>	بحال ال+
<BOS>bħan-<EOS>	بحال ال+
<BOS>bħat-<EOS>	بحال ال+
<BOS>bħax-<EOS>	بحال ال+
<BOS>bħar-<EOS>	بحال ال+
<BOS>bil-<EOS>	بال+
<BOS>bl-<EOS>	بال+
<BOS>bis-<EOS>	بال+
<BOS>bid-<EOS>	بال+
<BOS>bir-<EOS>	بال+
<BOS>bit-<EOS>	بال+
<BOS>biż-<EOS>	بال+
<BOS>biċ-<EOS>	بال+
<BOS>bix-<EOS>	بال+
<BOS>bin-<EOS>	بال+
<BOS>f'<EOS>	ف+
<BOS>fil-<EOS>	فال+
<BOS>fl-<EOS>	فال+
<BOS>fis-<EOS>	فال+
<BOS>fit-<EOS>	فال+
<BOS>fid-<EOS>	فال+
<BOS>fir-<EOS>	فال+
<BOS>fix-<EOS>	فال+
<BOS>fin-<EOS>	فال+
<BOS>fiż-<EOS>	فال+
<BOS>fiċ-<EOS>	فال+
<BOS>fiz-<EOS>	فال+
<BOS>għall-<EOS>	عال+
<BOS>għas-<EOS>	عال+
<BOS>għat-<EOS>	عال+
<BOS>għar-<EOS>	عال+
<BOS>għad-<EOS>	عال+
<BOS>għal-<EOS>	عال+
<BOS>għax-<EOS>	عال+
<BOS>għan-<EOS>	عال+
<BOS>għaż-<EOS>	عال+
<BOS>għaċ-<EOS>	عال+
<BOS>ghat-<EOS>	عال+
<BOS>ġol-<EOS>	جوا ال+
<BOS>ġos-<EOS>	جوا ال+
<BOS>ġoż-<EOS>	جوا ال+
<BOS>lill-<EOS>	لل+
<BOS>lis-<EOS>	لل+
<BOS>lin-<EOS>	لل+
<BOS>lit-<EOS>	لل+
<BOS>liċ-<EOS>	لل+
<BOS>lid-<EOS>	لل+
<BOS>lir-<EOS>	لل+
<BOS>lix-<EOS>	لل+
<BOS>liz-<EOS>	لل+
<BOS>lil-<EOS>	لل+
<BOS>liż-<EOS>	لل+
<BOS>mill-<EOS>	مال+
<BOS>mal-<EOS>	مال+
<BOS>mis-<EOS>	مال+
<BOS>mit-<EOS>	مال+
<BOS>mid-<EOS>	مال+
<BOS>min-<EOS>	مال+
<BOS>mat-<EOS>	مال+
<BOS>mix-<EOS>	مال+
<BOS>mir-<EOS>	مال+
<BOS>mas-<EOS>	مال+
<BOS>mad-<EOS>	مال+
<BOS>mil-<EOS>	مال+
<BOS>mar-<EOS>	مال+
<BOS>man-<EOS>	مال+
<BOS>maż-<EOS>	مال+
<BOS>maċ-<EOS>	مال+
<BOS>max-<EOS>	مال+
<BOS>miċ-<EOS>	مال+
<BOS>miż-<EOS>	مال+
<BOS>s'<EOS>	س+
<BOS>sal-<EOS>	سال+
<BOS>sad-<EOS>	سال+
<BOS>sat-<EOS>	سال+
<BOS>saċ-<EOS>	سال+
<BOS>sas-<EOS>	سال+
<BOS>sax-<EOS>	سال+
<BOS>x'<EOS>	شي
<BOS>ta'<EOS>	تاع
<BOS>t'<EOS>	تاع
<BOS>tal-<EOS>	تاع ال+
<BOS>tas-<EOS>	تاع ال+
<BOS>tad-<EOS>	تاع ال+
<BOS>tat-<EOS>	تاع ال+
<BOS>tar-<EOS>	تاع ال+
<BOS>tax-<EOS>	تاع ال+
<BOS>tan-<EOS>	تاع ال+
<BOS>taż-<EOS>	تاع ال+
<BOS>taċ-<EOS>	تاع ال+
<BOS>taz-<EOS>	تاع ال+
<BOS>j'<EOS>	يا
<BOS>-il<EOS>	ل
<BOS>'il<EOS>	لل+
<BOS>'l<EOS>	لل